[tool.akivn.net/spleeter.html]
[backblue.gif]
[fade.gif]
[index.html]
[cdn.lineicons.com/2.0/LineIcons.css]
[cloud.akivn.net/js/jquery.js]
[cloud.akivn.net/js/akigetinfo.js]
[cloud.akivn.net/js/platform.js]
[tool.akivn.net/favicon.ico]
[tool.akivn.net/static/favicon/apple-icon-57x57.png]
[tool.akivn.net/static/favicon/apple-icon-60x60.png]
[tool.akivn.net/static/favicon/apple-icon-72x72.png]
[tool.akivn.net/static/favicon/apple-icon-76x76.png]
[tool.akivn.net/static/favicon/apple-icon-114x114.png]
[tool.akivn.net/static/favicon/apple-icon-120x120.png]
[tool.akivn.net/static/favicon/apple-icon-144x144.png]
[tool.akivn.net/static/favicon/apple-icon-152x152.png]
[tool.akivn.net/static/favicon/apple-icon-180x180.png]
[tool.akivn.net/static/favicon/android-icon-192x192.png]
[tool.akivn.net/static/favicon/favicon-32x32.png]
[tool.akivn.net/static/favicon/favicon-96x96.png]
[tool.akivn.net/static/favicon/favicon-16x16.png]
[tool.akivn.net/static/favicon/manifest.json]
[cloud.akivn.net/img/QR-AkiMomo.jpg]
[tool.akivn.net/y2mate.com_-_Ai_No_Masew_x_Khoi_Vu_x_Yen_Tatoo_Official_MV_320kbps.mp3]
[tool.akivn.net/AkiVN.net_-_TAN_VO_-_CHI_DAN___OFFICIAL_MUSIC_VIDEO.mp3]
[tool.akivn.net/26.Jade.mp3]
[tool.akivn.net/26.Boi_boi.mp3]
[tool.akivn.net/AkiVN.net_-_ung_Noi_-_inh_Dung_Live_Cuc_Cam_Xuc.mp3]
[tool.akivn.net/AkiVN.net_-_An_Than_ft._Thang___Low_G___Rap_Nha_Lam.mp3]
[tool.akivn.net/y2mate.com_-_Fools_Garden_Lemon_Tree_Cover_by_Lorena_Kirchhoffer_and_Markus_Buttner_320kbps.mp3]
[tool.akivn.net/AkiVN.net_-_Nang_Xuan_-_Chi_Dan__Video_Lyric_HD_.mp3]
[tool.akivn.net/AkiVN.net_-_OneRepublic_-_Someday_Official_Music_Video.mp3]
[tool.akivn.net/AkiVN.net_-_Tup_Leu_Vang_Cha_Cha_Cha_Style_Sample_Yamaha_S750.mp3]
[tool.akivn.net/y2meta.com_-_HIEUTHUHAI_-_Nghe_Nhu_Tinh_Yeu___JUST_A_KID_REMIX___Lyric_Video_320_kbps.mp3]
[tool.akivn.net/video-1637808616.mp3]
[tool.akivn.net/AkiVN.net_-_Het_yeu_that_sao___let_me_love_you___-_cover__lyrics.mp3]
[tool.akivn.net/am_thanh.mp3]
[tool.akivn.net/AkiVN.net_-_Nhu_Viet___Mua_ong_Khong_Lanh_Official_Audio.mp3]
[tool.akivn.net/vay_cuoi_trung_tu_cover_dun_-2042004669844577409.mp3]
[tool.akivn.net/AkiVN.net_-_BICH_PHUONG_-_Bua_Yeu_Official_M_V.mp3]
[tool.akivn.net/AkiVN.net_-_Tell_Ur_Mom_II_-_Winno_ft._Heily_Gii_x_Hiderway_Remake.mp3]
[tool.akivn.net/AkiVN.net_-_A_CHRISTMAS_BLESSING_w__Silent_Night_SATB_Choir_-_Pamela_Stewart_Lloyd_Larson.mp3]
[tool.akivn.net/25.Duong_Vu_banh_bao_chien.mp3]
[tool.akivn.net/Nguoi_La_Oi__Official_MV_-_Superbrothers_x_Karik_x_Orange.mp3]
[tool.akivn.net/AkiVN.net_-_Lil_Nas_X_-_MONTERO_CALL_ME_BY_YOUR_NAME_in_the_Live_Lounge.mp3]
[tool.akivn.net/You_Are_My_Father_-_Natashia_Midori_with_lyric_audio-extractor.net.mp3]
[tool.akivn.net/AkiVN.net_-_Industry_Baby_-_Lil_Nas_X_shares_original_ending___TikTok.mp3]
[tool.akivn.net/AkiVN.net_-_THOI_QUEN_-_HOANG_DUNG_GDUCKY_MAU_NUOC_BAND___25_MET_VUONG_-_EP.1.mp3]
[tool.akivn.net/cua_la_do_phat_ho_x2x_cover_ut_nhi_mino_1476955549530270720.mp3]
[tool.akivn.net/cua_la_do_remix_phat_ho_x2x_dai_meo_remix_facebook_em_tram_ngan_follow_remix_tik_tok_4481408523038401603.mp3]
[tool.akivn.net/SlimV_-_Bo_lai_the_gioi_-_Official_Music_Video.mp3]
[tool.akivn.net/AkiVN.net_-_LAG_3_l_Lua_l_Bo_Anh_Khong_Co_Co_ong...__Nhac_Cover.mp3]
[tool.akivn.net/Nhac_Phim_OST_CO_TOI_O_AY_ROI___Gap_Nguoi_ung_Luc___Tinh_Kiem_3D_256k.mp3]
[tool.akivn.net/CAC_BUI_CUOC_DOI.mp3]
[tool.akivn.net/VE_QUE_NGOAI.mp3]
[tool.akivn.net/TINH_THAM_DUYEN_QUE.mp3]
[tool.akivn.net/TINH_NHO_MAU_QUEN.mp3]
[tool.akivn.net/HOA_CAY_MAI_TOC.mp3]
[tool.akivn.net/HINH_BONG_QUE_NHA.mp3]
[tool.akivn.net/AkiVN.net_-_ERIK_-_Diu_Dang_Em_en_Official_MV.mp3]
[tool.akivn.net/HAY_QUEN_ANH.mp3]
[tool.akivn.net/VO_NG_TREN_DOI_CO_NON.mp3]
[tool.akivn.net/AkiVN.net_-_ieu_Ngot_Ngao_Khi_Cho_oi_Anh_-_Nguyen_Ha___OFFICIAL_LYRIC_VIDEO.mp3]
[tool.akivn.net/TROM_NHIN_NHAU.mp3]
[tool.akivn.net/TINH_YEU_TRAI_DANG.mp3]
[tool.akivn.net/QUEN_CA_LOI_VE.mp3]
[tool.akivn.net/Nguoi-Thay-Cam-Ly.mp3]
[tool.akivn.net/NH_TAM_HON_CO_DON.mp3]
[tool.akivn.net/buc_tranh_tien_kiep-_Ali_Hoang_Duong_and_Tran_Thanh.mp3]
[tool.akivn.net/NGAY_EM_RA_DI.mp3]
[tool.akivn.net/AkiVN.net_-_ai_Thien_Bong_-_-_er___DJ_Remix___Co_Phong_Ca_Khuc.mp3]
[tool.akivn.net/NEU_DC_LAM_NG_TINH.mp3]
[tool.akivn.net/AkiVN.net_-_Khue_Moc_Lang___Huong_Ly__Jombie_G5R___Cover_Nam_Anh.mp3]
[tool.akivn.net/AkiVN.net_-_VANNDA_-_CATCH_ME_IF_YOU_CAN_OFFICIAL_MUSIC_VIDEO.mp3]
[tool.akivn.net/AkiVN.net_-_NHAT_KY_OI_TOI_-_Giang_Tien___Nhac_Bolero_Tru_Tinh_Nghe_La_Nghien___Giang_Tien_Hay_Nhat.mp3]
[tool.akivn.net/Gh.mp3]
[tool.akivn.net/HEAL_THE_WORLD.mp3]
[tool.akivn.net/AkiVN.net_-_NGUOI_THUONG_EM_CA_OI_EM_XUA_UOI_-_NHU_VIET___OFFICIAL_MUSIC_VIDEO.mp3]
[tool.akivn.net/AkiVN.net_-_3107-2___DuongG_x_NAU_x_W_N___OFFICIAL_MV.mp3]
[tool.akivn.net/AkiVN.net_-_Cuoc_Goi_em_-_Uyen_To_x_Heness.mp3]
[tool.akivn.net/AkiVN.net_-_Nhac_o_Re_Mi_-_o_Re_Mi_Thanh_ong_-_Thanh_Truc.flv.mp3]
[tool.akivn.net/AkiVN.net_-_em_Lao_Xao_Phuong_Phuong_Thao_-_Acoustic_Chill_Tap_6.mp3]
[tool.akivn.net/AkiVN.net_-_NHIN_LAI_HANH_TRINH_LAM_NEN_LICH_SU_BONG_A_VIET_NAM_TAI_VONG_LOAI_WORLD_CUP_2022.mp3]
[tool.akivn.net/AkiVN.net_-_Matthew_Koma_-_Kisses_Back_Acoustic.mp3]
[tool.akivn.net/AkiVN.net_-_Cover_by_Rith_Pros_Pov_ft_Rith_Omega.mp3]
[tool.akivn.net/AkiVN.net_-_CUA_LA_O_-_PHAT_HO_X2X___OFFICIAL_MUSIC_VIDEO_LYRICS.mp3]
[tool.akivn.net/AkiVN.net_-_billie_eillish_-_happier_than_ever_ASTN_cover.mp3]
[tool.akivn.net/AkiVN.net_-_MAT_AT_RUNG_CHUYEN_GERDNANG_XUAT_HIEN_UM_BA_LA_HIEUTHUHAI_-_CHOI_Ft.MANBOLvK_BILLY100.mp3]
[tool.akivn.net/Statham.mp3]
[tool.akivn.net/-_Mneak_Khnong_Chomnorm_Mouy_Mern_-_Srey_Roth_Khmerkomsan_HD_New_song.mp3]
[tool.akivn.net/Lang_-_James_Bond_007.mp3]
[tool.akivn.net/V-Bass_BigDaddy_-_May_That_May_-__TiLo_Remix_.mp3_music.mp3]
[tool.akivn.net/AkiVN.net_-_CAU_HUA_CHUA_VEN_TRON_-_PHAT_HUY_T4_x_HOANG_GREEN___OFFICIAL_MUSIC_VIDEO.mp3]
[tool.akivn.net/AkiVN.net_-__Official_Music_Video_.mp3]
[tool.akivn.net/Ban_-_James_Bond_007.mp3]
[tool.akivn.net/Someone_You_Loved_Shalom_Margaret_Cover_-_Lofi_Remix.mp3]
[tool.akivn.net/Song_-_James_Bond_007.mp3]
[tool.akivn.net/Qua_at_-_Netflix.mp3]
[tool.akivn.net/Tat_benh_cung_nghiep_chuong_Hoa_thuong_Tuyen_Hoa_khai_thi_00_18_55-00_25_46.mp3]
[tool.akivn.net/AkiVN.net_-_The_Men___Neu_La_Anh___Official_MV.mp3]
[tool.akivn.net/Lau_Dai_-_James_Bond_007.mp3]
[tool.akivn.net/AkiVN.net_-_EoSD_Stage_3_-_Shanghai_Teahouse__Chinese_Tea.mp3]
[tool.akivn.net/Lon_-_James_Bond_007.mp3]
[tool.akivn.net/Tat_benh_cung_nghiep_chuong_Hoa_thuong_Tuyen_Hoa_khai_thi_00_09_38-00_18_56.mp3]
[tool.akivn.net/Tat_benh_cung_nghiep_chuong_Hoa_thuong_Tuyen_Hoa_khai_thi_00_00_20-00_09_38.mp3]
[tool.akivn.net/y2meta.com_-_AI_CHUNG_TINH_UOC_MAI_-_INH_TUNG_HUY__OFFICIAL_MUSIC_VIDEO_320_kbps.mp3]
[tool.akivn.net/Ho_-_James_Bond_007.mp3]
[tool.akivn.net/Phu_Nu_-_James_Bond_007.6a.delayed]
[tool.akivn.net/The_Gioi_-_James_Bond_007.mp3]
[tool.akivn.net/Co_Gai_007.mp3]
[tool.akivn.net/y2mate.com_-_Free_Beat_Ballad_Style_Nguyen_Nam_Minh_Thuy_CD_Piano.mp3]
[tool.akivn.net/Em_ve_tinh_khoi.mp3]
[tool.akivn.net/AkiVN.net_-_Anh_Nho_Em_Tuan_Hung_OFFICIAL_MV_HD.mp3]
[tool.akivn.net/Con_moi_James_Bond_007.mp3]
[tool.akivn.net/y2mate.com_-_Chuyen_Anh_Van_Chua_Ke_Official_Music_Video_Chi_Dan_320kbps.mp3]
[tool.akivn.net/Tan_Hoa_-_Gia_Huy_-_MV_Lyric_Audio.mp3]
[tool.akivn.net/Someone-you-loved-tik-tok-keren-by-shalom-margaret.mp3]
[tool.akivn.net/FILE_20211124_215313_REC20211124213632.mp3]
[tool.akivn.net/Cam_Nhan_-_Seachains.mp3]
[tool.akivn.net/AkiVN.net_-_Shalom_Margaret_-_Oceans_Lyrics.mp3]
[tool.akivn.net/AkiVN.net_-_Thu_cuoi_-_Yanbi_ft_Mr._T__Hang_Bingboong_lyrics.mp3]
[tool.akivn.net/ChoThemMotDoi-MaiTienDung-5664132.mp3]
[tool.akivn.net/AkiVN.net_-_Co_Anh_O_ay_Roi_-_Anh_Quan_Idol_Official_MV.mp3]
[tool.akivn.net/y2mate.com_-_ost_2537_1.mp3]
[tool.akivn.net/AkiVN.net_-_Suy_Nghi_Trong_Anh_Nam_Cuong_ft_Khac_Viet.mp3]
[tool.akivn.net/y2mate.com_-_Ost_2537.mp3]
[tool.akivn.net/AkiVN.net_-_Thap_Gia_Noi_Gi_-_Nhac_Thanh_Ca_Cong_Giao_Hay_Nhat_2020_-_Nguyen_Hong_An.mp3]
[tool.akivn.net/AkiVN.net_-_DANG_EM_-_Duong_Edward___KHUC_HOA_TINH_2021_TAP_1.mp3]
[tool.akivn.net/AkiVN.net_-_at_G_-_Giong_Nhu_Tinh_Anh_M_V.mp3]
[tool.akivn.net/AkiVN.net_-_Thap_Gia_Tinh_Yeu_Va_Hy_Vong_Sang_tac_-_Ngoc_Linh_-_Thao_Vu___Nhac_Thanh_Ca_Mua_Chay_Hay_Nhat_2021.mp3]
[tool.akivn.net/Hao.mp3]
[tool.akivn.net/AkiVN.net_-_2AM_-_JustaTee_feat_Big_Daddy_Official_Audio.mp3]
[tool.akivn.net/akivn.net_-__1_2.mp3]
[tool.akivn.net/AkiVN.net_-_BINH_BOO___DUYEN_TAN_PHAI_ft._GREEN___Video_lyrics.mp3]
[tool.akivn.net/Go_Cua_Trai_Tim_Guitar_Ver_-_Nguyen_Thi_Thao_Chi_Sang_Tac-_Vinh_Su.mp3]
[tool.akivn.net/AkiVN.net_-___Mean_neak_thea_rer_nov_Adda_Angel_Lyric_Audio.mp3]
[tool.akivn.net/AkiVN.net_-_Con_Mo_Bang_Gia_-_BANG_KIEU_lll_Lyrics_Video.mp3]
[tool.akivn.net/AkiVN.net_-_Tay_Trai_Chi_Trang_Loi_Viet_-_Co_giao_Tue_Minh_-_Ha_Nhi_cover___Live_at_May_Lang_Thang_03.2021.mp3]
[tool.akivn.net/AkiVN.net_-_-Merl_mek_rom_lek_jet_nek.mp3]
[tool.akivn.net/accompaniment.mp3]
[tool.akivn.net/y2mate.com_-_Immortal_Songs_220190928.mp3]
[tool.akivn.net/My_Audio.mp3]
[tool.akivn.net/AkiVN.net_-_Dada_feat._Sandy_Rivera__Trix_-_Lollipop.mp3]
[tool.akivn.net/HorangSuwolgaTigerMyLoveOST-VA-6519547.mp3]
[tool.akivn.net/ong_oi_-_James_Bond_007.mp3]
[tool.akivn.net/y2mate.com_-_Khoang_Cach_Tinh_Yeu_Gao_Nep_Gao_Te_OST_Tran_Hoa_Lyrics.mp3]
[tool.akivn.net/LetGo-BTS-5449060.mp3]
[tool.akivn.net/vocals.mp3]
[tool.akivn.net/AkiVN.net_-_Chi_co_lam_thi_moi_co_an._Can_cu_thi_bu_sieng_nang_-_Huan_Hoa_Hong.mp3]
[tool.akivn.net/b0fdff236ad012dfa2774c567c41feb1.mp4_music.mp3]
[tool.akivn.net/4OClock3DAudio-RapMonsterBTSVBTS-5166967.mp3_vocals.mp3]
[tool.akivn.net/James_Bond_007.mp3]
[tool.akivn.net/nguyen-huu-kha-x-anhvu-remix-version-by-1-9-6-7-audio-lyrics.mp3]
[tool.akivn.net/y2mate.com_-_Versace_On_Floor_20181109.mp3]
[tool.akivn.net/Ghostbusters.mp3]
[tool.akivn.net/y2mate.com_-_2015_Con_Cao_Va_Chum_Nho_MC_ILL_Dizz_DSK.mp3]
[tool.akivn.net/CATENAbeat.mp3]
[tool.akivn.net/AkiVN.net_-_X_SNC_Remix_2021_-_Nop_Bayarith_ft_Loso__Bird.mp3]
[tool.akivn.net/AkiVN.net_-_My_Nhan_Oi_Remix____Dj_Hai_Cena___Nhac_Hot_Trend_Tik_Tok_Gay_Nghien.mp3]
[tool.akivn.net/Mr_Bean.mp3]
[tool.akivn.net/AkiVN.net_-_BUOC_QUA_NHAU___Vu.___Mai_Anh_Tai_Cover___Video_Call_Version.mp3]
[tool.akivn.net/AkiVN.net_-_BUOC_QUA_NHAU___Vu._Official_MV.mp3]
[tool.akivn.net/25.Tu_Vi.mp3]
[tool.akivn.net/AkiVN.net_-_Niu_Duyen_Remix_-_DJ_aiMeo_KBT_Mix_T.1_-_Yamaha_Sample_Pack_Genos-SX900-S975-S970.mp3]
[tool.akivn.net/Rihanna.mp3]
[tool.akivn.net/y2mate.com_-_LOST_Obito_OFFICIAL_MV.mp3]
[tool.akivn.net/AkiVN.net_-_Tua_Canh_Beo_Troi_-_Slow_Pop_Tru_Tinh_KBT_T.1_-_Yamaha_Sample_Pack_Genos-SX900-SX700-S975-S970.mp3]
[tool.akivn.net/Lam_Vua_-_Dictator.mp3]
[tool.akivn.net/y2mate.com_-_Nhac_Sieu_Nhan_Gao_Remix_Hung_Hack_Nhac_Remix_Sieu_Nhan_Tuoi_Tho_Cuc_Hay_Hot_Tik_Tok_2021.mp3]
[tool.akivn.net/BaiCaDatPhuongNam-PhuongMyChi-3206380.mp3]
[tool.akivn.net/y2mate.com_-_Nhac_Hoa_Loi_Viet_Tinh_Xua_Nghia_Cu_Cover_Mong_Xua_ung_Nen_Nho_ft_Loi_An_Na_Hagi_TV.mp3]
[tool.akivn.net/AkiVN.net_-_at_G_-_Thu_Toi_Lyric_Video.mp3]
[tool.akivn.net/FREE_Lil_Skies_Type_Beat_2021_-_-Deep_Depression-_-_Lxnely_Beats.mp3]
[tool.akivn.net/AkiVN.net_-_May_Cua_Hom_Nay_-_Kidz.mp3]
[tool.akivn.net/AkiVN.net_-_Reality_-_Lost_Frequencies___Lyrics__Vietsub..mp3]
[tool.akivn.net/Pizza_for_Earth_Day.mp3]
[tool.akivn.net/LV3.075.Over_in_the_Meadow.mp3]
[tool.akivn.net/LV3.074.The_Enormous_Turnip.mp3]
[tool.akivn.net/AkiVN.net_-_TRO_UA_IN_CAR_-_Quang_ang_Tran_X_Chau_Khai_Phong.mp3]
[tool.akivn.net/LV3.073.Yummy_Cookies.mp3]
[tool.akivn.net/drums.mp3]
[tool.akivn.net/other.mp3]
[tool.akivn.net/spleeter.html]
[cloud.akivn.net/css/tool50b4.css]
[cdn.lineicons.com/2.0/fonts/LineIcons.eot]
[cdn.lineicons.com/2.0/fonts/LineIcons.woff2]
[cdn.lineicons.com/2.0/fonts/LineIcons.woff]
[cdn.lineicons.com/2.0/fonts/LineIcons.ttf]
[cdn.lineicons.com/2.0/LineIcons.css]
[tool.akivn.net/y2mate.com_-_Ai_No_Masew_x_Khoi_Vu_x_Yen_Tatoo_Official_MV_320kbps.html]
[tool.akivn.net/AkiVN.net_-_TAN_VO_-_CHI_DAN___OFFICIAL_MUSIC_VIDEO.html]
[tool.akivn.net/26.Jade.html]
[tool.akivn.net/26.Boi_boi.html]
[tool.akivn.net/AkiVN.net_-_ung_Noi_-_inh_Dung_Live_Cuc_Cam_Xuc.html]
[tool.akivn.net/AkiVN.net_-_An_Than_ft._Thang___Low_G___Rap_Nha_Lam.html]
[tool.akivn.net/y2mate.com_-_Fools_Garden_Lemon_Tree_Cover_by_Lorena_Kirchhoffer_and_Markus_Buttner_320kbps.html]
[tool.akivn.net/AkiVN.net_-_Nang_Xuan_-_Chi_Dan__Video_Lyric_HD_.html]
[tool.akivn.net/AkiVN.net_-_OneRepublic_-_Someday_Official_Music_Video.html]
[tool.akivn.net/AkiVN.net_-_Tup_Leu_Vang_Cha_Cha_Cha_Style_Sample_Yamaha_S750.html]
[tool.akivn.net/y2meta.com_-_HIEUTHUHAI_-_Nghe_Nhu_Tinh_Yeu___JUST_A_KID_REMIX___Lyric_Video_320_kbps.html]
[tool.akivn.net/video-1637808616.html]
[tool.akivn.net/AkiVN.net_-_Het_yeu_that_sao___let_me_love_you___-_cover__lyrics.html]
[tool.akivn.net/am_thanh.html]
[tool.akivn.net/AkiVN.net_-_Nhu_Viet___Mua_ong_Khong_Lanh_Official_Audio.html]
[tool.akivn.net/vay_cuoi_trung_tu_cover_dun_-2042004669844577409.html]
[tool.akivn.net/AkiVN.net_-_BICH_PHUONG_-_Bua_Yeu_Official_M_V.html]
[tool.akivn.net/AkiVN.net_-_Tell_Ur_Mom_II_-_Winno_ft._Heily_Gii_x_Hiderway_Remake.html]
[tool.akivn.net/AkiVN.net_-_A_CHRISTMAS_BLESSING_w__Silent_Night_SATB_Choir_-_Pamela_Stewart_Lloyd_Larson.html]
[tool.akivn.net/25.Duong_Vu_banh_bao_chien.html]
[tool.akivn.net/Nguoi_La_Oi__Official_MV_-_Superbrothers_x_Karik_x_Orange.html]
[tool.akivn.net/AkiVN.net_-_Lil_Nas_X_-_MONTERO_CALL_ME_BY_YOUR_NAME_in_the_Live_Lounge.html]
[tool.akivn.net/You_Are_My_Father_-_Natashia_Midori_with_lyric_audio-extractor.net.html]
[tool.akivn.net/AkiVN.net_-_Industry_Baby_-_Lil_Nas_X_shares_original_ending___TikTok.html]
[tool.akivn.net/AkiVN.net_-_THOI_QUEN_-_HOANG_DUNG_GDUCKY_MAU_NUOC_BAND___25_MET_VUONG_-_EP.1.html]
[tool.akivn.net/cua_la_do_phat_ho_x2x_cover_ut_nhi_mino_1476955549530270720.html]
[tool.akivn.net/cua_la_do_remix_phat_ho_x2x_dai_meo_remix_facebook_em_tram_ngan_follow_remix_tik_tok_4481408523038401603.html]
[tool.akivn.net/SlimV_-_Bo_lai_the_gioi_-_Official_Music_Video.html]
[tool.akivn.net/AkiVN.net_-_LAG_3_l_Lua_l_Bo_Anh_Khong_Co_Co_ong...__Nhac_Cover.html]
[tool.akivn.net/Nhac_Phim_OST_CO_TOI_O_AY_ROI___Gap_Nguoi_ung_Luc___Tinh_Kiem_3D_256k.html]
[tool.akivn.net/CAC_BUI_CUOC_DOI.html]
[tool.akivn.net/VE_QUE_NGOAI.html]
[tool.akivn.net/TINH_THAM_DUYEN_QUE.html]
[tool.akivn.net/TINH_NHO_MAU_QUEN.html]
[tool.akivn.net/HOA_CAY_MAI_TOC.html]
[tool.akivn.net/HINH_BONG_QUE_NHA.html]
[tool.akivn.net/AkiVN.net_-_ERIK_-_Diu_Dang_Em_en_Official_MV.html]
[tool.akivn.net/HAY_QUEN_ANH.html]
[tool.akivn.net/VO_NG_TREN_DOI_CO_NON.html]
[tool.akivn.net/AkiVN.net_-_ieu_Ngot_Ngao_Khi_Cho_oi_Anh_-_Nguyen_Ha___OFFICIAL_LYRIC_VIDEO.html]
[tool.akivn.net/TROM_NHIN_NHAU.html]
[tool.akivn.net/TINH_YEU_TRAI_DANG.html]
[tool.akivn.net/QUEN_CA_LOI_VE.html]
[tool.akivn.net/Nguoi-Thay-Cam-Ly.html]
[tool.akivn.net/NH_TAM_HON_CO_DON.html]
[tool.akivn.net/buc_tranh_tien_kiep-_Ali_Hoang_Duong_and_Tran_Thanh.html]
[tool.akivn.net/NGAY_EM_RA_DI.html]
[tool.akivn.net/AkiVN.net_-_ai_Thien_Bong_-_-_er___DJ_Remix___Co_Phong_Ca_Khuc.html]
[tool.akivn.net/NEU_DC_LAM_NG_TINH.html]
[tool.akivn.net/AkiVN.net_-_Khue_Moc_Lang___Huong_Ly__Jombie_G5R___Cover_Nam_Anh.html]
[tool.akivn.net/AkiVN.net_-_VANNDA_-_CATCH_ME_IF_YOU_CAN_OFFICIAL_MUSIC_VIDEO.html]
[tool.akivn.net/AkiVN.net_-_NHAT_KY_OI_TOI_-_Giang_Tien___Nhac_Bolero_Tru_Tinh_Nghe_La_Nghien___Giang_Tien_Hay_Nhat.html]
[tool.akivn.net/Gh.html]
[tool.akivn.net/HEAL_THE_WORLD.html]
[tool.akivn.net/AkiVN.net_-_NGUOI_THUONG_EM_CA_OI_EM_XUA_UOI_-_NHU_VIET___OFFICIAL_MUSIC_VIDEO.html]
[tool.akivn.net/AkiVN.net_-_3107-2___DuongG_x_NAU_x_W_N___OFFICIAL_MV.html]
[tool.akivn.net/AkiVN.net_-_Cuoc_Goi_em_-_Uyen_To_x_Heness.html]
[tool.akivn.net/AkiVN.net_-_Nhac_o_Re_Mi_-_o_Re_Mi_Thanh_ong_-_Thanh_Truc.flv.html]
[tool.akivn.net/AkiVN.net_-_em_Lao_Xao_Phuong_Phuong_Thao_-_Acoustic_Chill_Tap_6.html]
[tool.akivn.net/AkiVN.net_-_NHIN_LAI_HANH_TRINH_LAM_NEN_LICH_SU_BONG_A_VIET_NAM_TAI_VONG_LOAI_WORLD_CUP_2022.html]
[tool.akivn.net/AkiVN.net_-_Matthew_Koma_-_Kisses_Back_Acoustic.html]
[tool.akivn.net/AkiVN.net_-_Cover_by_Rith_Pros_Pov_ft_Rith_Omega.html]
[tool.akivn.net/AkiVN.net_-_CUA_LA_O_-_PHAT_HO_X2X___OFFICIAL_MUSIC_VIDEO_LYRICS.html]
[tool.akivn.net/AkiVN.net_-_billie_eillish_-_happier_than_ever_ASTN_cover.html]
[tool.akivn.net/AkiVN.net_-_MAT_AT_RUNG_CHUYEN_GERDNANG_XUAT_HIEN_UM_BA_LA_HIEUTHUHAI_-_CHOI_Ft.MANBOLvK_BILLY100.html]
[tool.akivn.net/Statham.html]
[tool.akivn.net/-_Mneak_Khnong_Chomnorm_Mouy_Mern_-_Srey_Roth_Khmerkomsan_HD_New_song.html]
[tool.akivn.net/Lang_-_James_Bond_007.html]
[tool.akivn.net/V-Bass_BigDaddy_-_May_That_May_-__TiLo_Remix_.mp3_music.html]
[tool.akivn.net/AkiVN.net_-_CAU_HUA_CHUA_VEN_TRON_-_PHAT_HUY_T4_x_HOANG_GREEN___OFFICIAL_MUSIC_VIDEO.html]
[tool.akivn.net/AkiVN.net_-__Official_Music_Video_.html]
[tool.akivn.net/Ban_-_James_Bond_007.html]
[tool.akivn.net/Someone_You_Loved_Shalom_Margaret_Cover_-_Lofi_Remix.html]
[tool.akivn.net/Song_-_James_Bond_007.html]
[tool.akivn.net/Qua_at_-_Netflix.html]
[tool.akivn.net/Tat_benh_cung_nghiep_chuong_Hoa_thuong_Tuyen_Hoa_khai_thi_00_18_55-00_25_46.html]
[tool.akivn.net/AkiVN.net_-_The_Men___Neu_La_Anh___Official_MV.html]
[tool.akivn.net/Lau_Dai_-_James_Bond_007.html]
[tool.akivn.net/AkiVN.net_-_EoSD_Stage_3_-_Shanghai_Teahouse__Chinese_Tea.html]
[tool.akivn.net/Lon_-_James_Bond_007.html]
[tool.akivn.net/Tat_benh_cung_nghiep_chuong_Hoa_thuong_Tuyen_Hoa_khai_thi_00_09_38-00_18_56.html]
[tool.akivn.net/Tat_benh_cung_nghiep_chuong_Hoa_thuong_Tuyen_Hoa_khai_thi_00_00_20-00_09_38.html]
[tool.akivn.net/y2meta.com_-_AI_CHUNG_TINH_UOC_MAI_-_INH_TUNG_HUY__OFFICIAL_MUSIC_VIDEO_320_kbps.html]
[tool.akivn.net/Ho_-_James_Bond_007.html]
[tool.akivn.net/Phu_Nu_-_James_Bond_007.html]
[tool.akivn.net/The_Gioi_-_James_Bond_007.html]
[tool.akivn.net/Co_Gai_007.html]
[tool.akivn.net/y2mate.com_-_Free_Beat_Ballad_Style_Nguyen_Nam_Minh_Thuy_CD_Piano.html]
[tool.akivn.net/Em_ve_tinh_khoi.html]
[tool.akivn.net/AkiVN.net_-_Anh_Nho_Em_Tuan_Hung_OFFICIAL_MV_HD.html]
[tool.akivn.net/Con_moi_James_Bond_007.html]
[tool.akivn.net/y2mate.com_-_Chuyen_Anh_Van_Chua_Ke_Official_Music_Video_Chi_Dan_320kbps.html]
[tool.akivn.net/Tan_Hoa_-_Gia_Huy_-_MV_Lyric_Audio.html]
[tool.akivn.net/Someone-you-loved-tik-tok-keren-by-shalom-margaret.html]
[tool.akivn.net/FILE_20211124_215313_REC20211124213632.html]
[tool.akivn.net/Cam_Nhan_-_Seachains.html]
[tool.akivn.net/AkiVN.net_-_Shalom_Margaret_-_Oceans_Lyrics.html]
[tool.akivn.net/AkiVN.net_-_Thu_cuoi_-_Yanbi_ft_Mr._T__Hang_Bingboong_lyrics.html]
[tool.akivn.net/ChoThemMotDoi-MaiTienDung-5664132.html]
[tool.akivn.net/AkiVN.net_-_Co_Anh_O_ay_Roi_-_Anh_Quan_Idol_Official_MV.html]
[tool.akivn.net/y2mate.com_-_ost_2537_1.html]
[tool.akivn.net/AkiVN.net_-_Suy_Nghi_Trong_Anh_Nam_Cuong_ft_Khac_Viet.html]
[tool.akivn.net/y2mate.com_-_Ost_2537.html]
[tool.akivn.net/AkiVN.net_-_Thap_Gia_Noi_Gi_-_Nhac_Thanh_Ca_Cong_Giao_Hay_Nhat_2020_-_Nguyen_Hong_An.html]
[tool.akivn.net/AkiVN.net_-_DANG_EM_-_Duong_Edward___KHUC_HOA_TINH_2021_TAP_1.html]
[tool.akivn.net/AkiVN.net_-_at_G_-_Giong_Nhu_Tinh_Anh_M_V.html]
[tool.akivn.net/AkiVN.net_-_Thap_Gia_Tinh_Yeu_Va_Hy_Vong_Sang_tac_-_Ngoc_Linh_-_Thao_Vu___Nhac_Thanh_Ca_Mua_Chay_Hay_Nhat_2021.html]
[tool.akivn.net/Hao.html]
[tool.akivn.net/AkiVN.net_-_2AM_-_JustaTee_feat_Big_Daddy_Official_Audio.html]
[tool.akivn.net/akivn.net_-__1_2.html]
[tool.akivn.net/AkiVN.net_-_BINH_BOO___DUYEN_TAN_PHAI_ft._GREEN___Video_lyrics.html]
[tool.akivn.net/Go_Cua_Trai_Tim_Guitar_Ver_-_Nguyen_Thi_Thao_Chi_Sang_Tac-_Vinh_Su.html]
[tool.akivn.net/AkiVN.net_-___Mean_neak_thea_rer_nov_Adda_Angel_Lyric_Audio.html]
[tool.akivn.net/AkiVN.net_-_Con_Mo_Bang_Gia_-_BANG_KIEU_lll_Lyrics_Video.html]
[tool.akivn.net/AkiVN.net_-_Tay_Trai_Chi_Trang_Loi_Viet_-_Co_giao_Tue_Minh_-_Ha_Nhi_cover___Live_at_May_Lang_Thang_03.2021.html]
[tool.akivn.net/AkiVN.net_-_-Merl_mek_rom_lek_jet_nek.html]
[tool.akivn.net/accompaniment.html]
[tool.akivn.net/y2mate.com_-_Immortal_Songs_220190928.html]
[tool.akivn.net/My_Audio.html]
[tool.akivn.net/AkiVN.net_-_Dada_feat._Sandy_Rivera__Trix_-_Lollipop.html]
[tool.akivn.net/HorangSuwolgaTigerMyLoveOST-VA-6519547.html]
[tool.akivn.net/ong_oi_-_James_Bond_007.html]
[tool.akivn.net/y2mate.com_-_Khoang_Cach_Tinh_Yeu_Gao_Nep_Gao_Te_OST_Tran_Hoa_Lyrics.html]
[tool.akivn.net/LetGo-BTS-5449060.html]
[tool.akivn.net/vocals.html]
[tool.akivn.net/AkiVN.net_-_Chi_co_lam_thi_moi_co_an._Can_cu_thi_bu_sieng_nang_-_Huan_Hoa_Hong.html]
[tool.akivn.net/b0fdff236ad012dfa2774c567c41feb1.mp4_music.html]
[tool.akivn.net/4OClock3DAudio-RapMonsterBTSVBTS-5166967.mp3_vocals.html]
[tool.akivn.net/James_Bond_007.html]
[tool.akivn.net/nguyen-huu-kha-x-anhvu-remix-version-by-1-9-6-7-audio-lyrics.html]
[tool.akivn.net/y2mate.com_-_Versace_On_Floor_20181109.html]
[tool.akivn.net/Ghostbusters.html]
[tool.akivn.net/y2mate.com_-_2015_Con_Cao_Va_Chum_Nho_MC_ILL_Dizz_DSK.html]
[tool.akivn.net/CATENAbeat.html]
[tool.akivn.net/AkiVN.net_-_X_SNC_Remix_2021_-_Nop_Bayarith_ft_Loso__Bird.html]
[tool.akivn.net/AkiVN.net_-_My_Nhan_Oi_Remix____Dj_Hai_Cena___Nhac_Hot_Trend_Tik_Tok_Gay_Nghien.html]
[tool.akivn.net/Mr_Bean.html]
[tool.akivn.net/AkiVN.net_-_BUOC_QUA_NHAU___Vu.___Mai_Anh_Tai_Cover___Video_Call_Version.html]
[tool.akivn.net/AkiVN.net_-_BUOC_QUA_NHAU___Vu._Official_MV.html]
[tool.akivn.net/25.Tu_Vi.html]
[tool.akivn.net/AkiVN.net_-_Niu_Duyen_Remix_-_DJ_aiMeo_KBT_Mix_T.1_-_Yamaha_Sample_Pack_Genos-SX900-S975-S970.html]
[tool.akivn.net/Rihanna.html]
[tool.akivn.net/y2mate.com_-_LOST_Obito_OFFICIAL_MV.html]
[tool.akivn.net/AkiVN.net_-_Tua_Canh_Beo_Troi_-_Slow_Pop_Tru_Tinh_KBT_T.1_-_Yamaha_Sample_Pack_Genos-SX900-SX700-S975-S970.html]
[tool.akivn.net/Lam_Vua_-_Dictator.html]
[tool.akivn.net/y2mate.com_-_Nhac_Sieu_Nhan_Gao_Remix_Hung_Hack_Nhac_Remix_Sieu_Nhan_Tuoi_Tho_Cuc_Hay_Hot_Tik_Tok_2021.html]
[tool.akivn.net/BaiCaDatPhuongNam-PhuongMyChi-3206380.html]
[tool.akivn.net/y2mate.com_-_Nhac_Hoa_Loi_Viet_Tinh_Xua_Nghia_Cu_Cover_Mong_Xua_ung_Nen_Nho_ft_Loi_An_Na_Hagi_TV.html]
[tool.akivn.net/AkiVN.net_-_at_G_-_Thu_Toi_Lyric_Video.html]
[tool.akivn.net/FREE_Lil_Skies_Type_Beat_2021_-_-Deep_Depression-_-_Lxnely_Beats.html]
[tool.akivn.net/AkiVN.net_-_May_Cua_Hom_Nay_-_Kidz.html]
[tool.akivn.net/AkiVN.net_-_Reality_-_Lost_Frequencies___Lyrics__Vietsub..html]
[tool.akivn.net/Pizza_for_Earth_Day.html]
[tool.akivn.net/LV3.075.Over_in_the_Meadow.html]
[tool.akivn.net/LV3.074.The_Enormous_Turnip.html]
[tool.akivn.net/AkiVN.net_-_TRO_UA_IN_CAR_-_Quang_ang_Tran_X_Chau_Khai_Phong.html]
[tool.akivn.net/LV3.073.Yummy_Cookies.html]
[tool.akivn.net/drums.html]
[tool.akivn.net/other.html]
[cdn.lineicons.com/2.0/fonts/LineIcons.svg]
[cdn.lineicons.com/2.0/fonts/LineIcons.svg]
